/// url = "https://www.senologie.org/fhir/StructureMap/SenologieToObdsDiagnose"
/// name = "SenologieToObdsDiagnose"
/// title = "Senologie Diagnose Bundle to oBDS Diagnosemeldung"
/// status = "draft"

uses "http://hl7.org/fhir/StructureDefinition/Bundle" alias Bundle as source
uses "http://hl7.org/fhir/StructureDefinition/Condition" alias Condition as source
uses "http://hl7.org/fhir/StructureDefinition/Observation" alias Observation as source
uses "http://hl7.org/fhir/StructureDefinition/RiskAssessment" alias RiskAssessment as source
uses "https://www.senologie.org/fhir/StructureDefinition/obds-meldung" alias OBDSMeldung as target

imports "https://www.senologie.org/fhir/StructureMap/SenologieToObdsTumorzuordnung"
imports "https://www.senologie.org/fhir/StructureMap/SenologieToObdsTNM"
imports "https://www.senologie.org/fhir/StructureMap/SenologieToObdsHistologie"
imports "https://www.senologie.org/fhir/StructureMap/SenologieToObdsModulMamma"
imports "https://www.senologie.org/fhir/StructureMap/SenologieToObdsLeistungszustand"

// Known limitation: Sub-groups (MapDiagnose, MapWeitereKlassifikation) use
// `target tgt : BackboneElement`. See SenologieToObdsTNM.map for details.

// ============================================================================
// Hauptgruppe: Bundle -> oBDS Diagnosemeldung
// Das Bundle enthaelt eine Condition (Diagnose) sowie zugehoerige
// Observations (TNM, Histologie, Hormonrezeptoren).
// ============================================================================

group SenologieToObdsDiagnose(source src : Bundle, target tgt : OBDSMeldung) {

  // Tumorzuordnung: aus der Condition-Ressource
  src.entry as entry where resource.is(Condition) then {
    entry.resource as condition then {
      condition -> tgt.tumorzuordnung as tz then MapTumorzuordnung(condition, tz) "CallMapTumorzuordnung";
    } "ConditionContext";
  } "EntryConditionTZ";

  // Diagnose: aus der Condition-Ressource + Observations aus dem Bundle
  src.entry as entry where resource.is(Condition) then {
    entry.resource as condition -> tgt.diagnose as dx then MapDiagnose(condition, dx, src) "CallMapDiagnose";
  } "EntryConditionDX";
}

// ============================================================================
// Diagnose: Condition -> OBDSMeldung.diagnose
// Freitextdiagnose, ICD-O Topographie, Diagnosesicherung, fruehere Erkrankungen
// ============================================================================

group MapDiagnose(source src : Condition, target tgt : BackboneElement, source bundle : Bundle) {

  // Primaertumor_Diagnosetext: aus Condition.code.text
  src.code as code then {
    code.text as t -> tgt.primaertumorDiagnosetext = t "SetDiagnosetext";
  } "MapDiagnosetext";

  // Primaertumor_Topographie_ICD_O: ICD-O Topographie aus Condition.bodySite
  src.bodySite as bs then {
    bs.coding as c where system = 'urn:oid:2.16.840.1.113883.6.43.1' -> tgt.primaertumorTopographieICDO as topo then {
      c.code as cd -> topo.code = cd "SetTopoCode";
      c.version as v -> topo.version = v "SetTopoVersion";
    } "MapTopoCoding";
  } "MapTopographie";

  // Primaertumor_Topographie_Freitext: aus Condition.bodySite.text
  src.bodySite as bs then {
    bs.text as t -> tgt.primaertumorTopographieFreitext = t "SetTopoFreitext";
  } "MapTopoFreitext";

  // Diagnosesicherung: aus verificationStatus (MII Onko Diagnosesicherung Coding)
  src.verificationStatus as vs then {
    vs.coding as c where system = 'https://www.medizininformatik-initiative.de/fhir/ext/modul-onko/CodeSystem/mii-cs-onko-primaertumor-diagnosesicherung' then {
      c.code as cd -> tgt.diagnosesicherung = cd "SetDiagnosesicherung";
    } "ExtractDiagnosesicherungCode";
  } "MapDiagnosesicherung";

  // Fruehere Tumorerkrankungen: aus Condition.extension (falls vorhanden)
  src.extension as ext where url = 'http://hl7.org/fhir/StructureDefinition/condition-related' then {
    ext.value as ref -> tgt.fruehereErkrankungen as fe then {
      ref.display as d -> fe.freitext = d "SetFrueherFreitext";
    } "MapFruehereErkrankung";
  } "MapFruehereErkrankungen";

  // Histologie: aus Observations im Bundle (DiagnosticReport-referenzierte Pathologie)
  bundle.entry as histEntry where resource.is(Observation) and resource.code.coding.exists(code = '59847-4') then {
    histEntry.resource as histObs -> tgt.histologie as histo then MapHistologie(histObs, histo, bundle) "CallMapHistologie";
  } "EntryHistologie";

  // cTNM: aus TNM-Observation im Bundle (klinisches Staging)
  bundle.entry as tnmEntry where resource.is(Observation) and resource.code.coding.exists(code = '21908-9') then {
    tnmEntry.resource as tnmObs -> tgt.cTNM as ctnm then MapTNM(tnmObs, ctnm, bundle) "CallMapCTNM";
  } "EntryCTNM";

  // Allgemeiner Leistungszustand (ECOG): aus Observation im Bundle
  // Delegiert an die gemeinsame Leistungszustand-Map
  src -> tgt then MapLeistungszustandFromBundle(bundle, tgt) "CallMapLeistungszustand";

  // Modul_Mamma: Hormonrezeptoren + HER2 aus Observations im Bundle
  src -> tgt.modulMamma as mamma then MapModulMamma(bundle, mamma) "CallMapModulMamma";

  // Weitere Klassifikationen: Genexpressionstests (Oncotype DX, MammaPrint, ...)
  // aus RiskAssessment-Ressourcen (Senologie_Genexpressionstest) im Bundle
  bundle.entry as raEntry where resource.is(RiskAssessment) then {
    raEntry.resource as ra -> tgt.weitereKlassifikationen as wk then MapWeitereKlassifikation(ra, bundle, wk) "CallMapWeitereKlassifikation";
  } "EntryWeitereKlassifikation";
}

// ============================================================================
// Weitere Klassifikation: RiskAssessment (Genexpressionstest) -> Menge_Weitere_Klassifikation
// Mappt Genexpressionstests wie Oncotype DX, MammaPrint auf das oBDS-Element
// "Weitere_Klassifikation" (Datum, Name, Stadium/Ergebnis).
// ============================================================================

group MapWeitereKlassifikation(source src : RiskAssessment, source bundle : Bundle, target tgt : BackboneElement) {
  // Datum: aus RiskAssessment.occurrenceDateTime
  src.occurrence as occ where $this.is(dateTime) -> tgt.datum = occ "SetWKDatum";

  // Name: aus RiskAssessment.method.coding.display oder method.text
  src.method as m then {
    m.coding as c where system = 'https://www.senologie.org/fhir/CodeSystem/cs-senologie-genexpressionstest' then {
      c.display as d -> tgt.name = d "SetWKNameDisplay";
    } "MapWKMethodCoding";
    m.text as t -> tgt.name = t "SetWKNameText";
  } "MapWKMethod";

  // Stadium: aus RiskAssessment.prediction[0].qualitativeRisk.text + basis-Observation
  // Format: "<Score> (<RiskCategory>)"
  src.prediction as pred first then {
    pred.qualitativeRisk as qr then {
      qr.text as t -> tgt.stadium = t "SetWKStadiumQualitativeText";
      qr.coding as c first then {
        c.display as d -> tgt.stadium = d "SetWKStadiumQualitativeDisplay";
      } "MapWKQRCoding";
    } "MapWKQR";
  } "MapWKPrediction";
}
