map "https://www.senologie.org/fhir/StructureMap/SenologieToOncoBoxBrust" = "SenologieToOncoBoxBrust"

// title: Senologie FHIR Bundle to OncoBox Brust 2.0 (Auditjahr 2026 v2.1.1)
// status: draft

uses "http://hl7.org/fhir/StructureDefinition/Bundle" alias Bundle as source
uses "http://hl7.org/fhir/StructureDefinition/Patient" alias Patient as source
uses "http://hl7.org/fhir/StructureDefinition/Encounter" alias Encounter as source
uses "http://hl7.org/fhir/StructureDefinition/Condition" alias Condition as source
uses "http://hl7.org/fhir/StructureDefinition/Procedure" alias Procedure as source
uses "http://hl7.org/fhir/StructureDefinition/Observation" alias Observation as source
uses "http://hl7.org/fhir/StructureDefinition/Specimen" alias Specimen as source
uses "http://hl7.org/fhir/StructureDefinition/Organization" alias Organization as source
uses "http://hl7.org/fhir/StructureDefinition/CarePlan" alias CarePlan as source
uses "http://hl7.org/fhir/StructureDefinition/ResearchSubject" alias ResearchSubject as source
uses "https://www.senologie.org/fhir/StructureDefinition/oncobox-brust-meldung" alias OncoBoxBrust as target

// ============================================================================
// Master Orchestrator: Bundle -> OncoBox Brust 2.0 Meldung
//
// MIGRATION-STATUS (2026-05-13):
//   LM wurde auf OncoBox Brust 2.0 (XSD aus xml-oncobox.de/de/Home/FuerHersteller)
//   umgestellt. Die 1.0-Sub-Maps (Zentrum/Primaerfall/Operation/Therapie/
//   Verlauf/Kennzahlen) sind STRUKTURELL INKOMPATIBEL mit 2.0 (Wurzel ist
//   <Patienten><Patient><Fall> statt <primaerfall>; Felder umbenannt;
//   Histologie/Biomarker als eigener Block; ER/PR separat als Anteil_positiv_*
//   und IRS_*; BRCA Keimbahn/somatisch getrennt).
//
//   Aktueller Stand: nur ImportInfo + Patient-Skelett werden befuellt.
//   Vollstaendige Sub-Map-Migration siehe Issue / TODO.
// ============================================================================

group SenologieToOncoBoxBrust(source src : Bundle, target tgt : OncoBoxBrust) {

  // ImportInfo: Pflicht-Metadaten der Meldung
  src -> tgt.ImportInfo as ii then {
    src -> ii.DatumXML = '2026-05-13' "SetDatumXML";
    src -> ii.NameTudokusys = 'Senologie-KDS FHIR IG' "SetNameTudokusys";
    src -> ii.VersionTudokusys = '0.9.0' "SetVersionTudokusys";
  } "MapImportInfo";

  // Patienten-Container mit mindestens einem Patienten-Skelett
  src -> tgt.Patienten as ps then {
    src.entry as patEntry where resource.is(Patient) then {
      patEntry.resource as pat -> ps.Patient as p then {
        pat -> p.Stammdaten as sd then {
          pat.id as pid -> sd.OncoBoxID = pid "SetOncoBoxID";
          pat.birthDate as bd -> sd.Geburtsjahr = bd "SetGeburtsjahr";
        } "MapStammdaten";
      } "MapPatient";
    } "EntryPatient";
  } "MapPatienten";
}
