/// url = "https://www.senologie.org/fhir/StructureMap/SenologieToObdsVerlauf"
/// name = "SenologieToObdsVerlauf"
/// title = "Senologie Verlauf Bundle to oBDS Verlaufsmeldung"
/// status = "draft"

uses "http://hl7.org/fhir/StructureDefinition/Bundle" alias Bundle as source
uses "http://hl7.org/fhir/StructureDefinition/Condition" alias Condition as source
uses "http://hl7.org/fhir/StructureDefinition/Observation" alias Observation as source
uses "https://www.senologie.org/fhir/StructureDefinition/obds-meldung" alias OBDSMeldung as target

imports "https://www.senologie.org/fhir/StructureMap/SenologieToObdsTumorzuordnung"
imports "https://www.senologie.org/fhir/StructureMap/SenologieToObdsTNM"
imports "https://www.senologie.org/fhir/StructureMap/SenologieToObdsHistologie"
imports "https://www.senologie.org/fhir/StructureMap/SenologieToObdsModulMamma"
imports "https://www.senologie.org/fhir/StructureMap/SenologieToObdsFernmetastasen"
imports "https://www.senologie.org/fhir/StructureMap/SenologieToObdsLeistungszustand"

// Known limitation: Sub-groups (MapVerlauf) use `target tgt : BackboneElement`.
// See SenologieToObdsTNM.map for details.

// ============================================================================
// Hauptgruppe: Bundle -> oBDS Verlaufsmeldung
// Das Bundle enthaelt eine Condition (Rezidiv, clinicalStatus = recurrence)
// sowie zugehoerige Observations (TNM, Histologie, Fernmetastasen,
// Hormonrezeptoren, Leistungszustand).
// ============================================================================

group SenologieToObdsVerlauf(source src : Bundle, target tgt : OBDSMeldung) {

  // Tumorzuordnung: aus der Condition-Ressource (Rezidiv verweist auf gleichen Tumor)
  src.entry as entry where resource.is(Condition) then {
    entry.resource as condition then {
      condition -> tgt.tumorzuordnung as tz then MapTumorzuordnung(condition, tz) "CallMapTumorzuordnung";
    } "ConditionContext";
  } "EntryConditionTZ";

  // Verlauf: aus der Condition (Rezidiv) + Observations aus dem Bundle
  src.entry as entry where resource.is(Condition) then {
    entry.resource as condition -> tgt.verlauf as verl then MapVerlauf(condition, verl, src) "CallMapVerlauf";
  } "EntryConditionVerlauf";
}

// ============================================================================
// Verlauf: Condition (Rezidiv) -> OBDSMeldung.verlauf
// Verlauf_ID, Meldeanlass, Untersuchungsdatum, Gesamtbeurteilung Tumorstatus,
// lokaler Tumorstatus, LK-Status, FM-Status
// ============================================================================

group MapVerlauf(source src : Condition, target tgt : BackboneElement, source bundle : Bundle) {

  // Verlauf_ID: aus Condition.identifier
  src.identifier as id first then {
    id.value as v -> tgt.verlaufID = v "SetVerlaufID";
  } "MapVerlaufID";

  // Meldeanlass: Verlaufsmeldung ist immer "statusaenderung"
  src -> tgt.meldeanlass = 'statusaenderung' "SetMeldeanlass";

  // Untersuchungsdatum: aus Condition.extension[Feststellungsdatum] oder recordedDate
  src.extension as ext where url = 'https://www.medizininformatik-initiative.de/fhir/ext/modul-onko/StructureDefinition/mii-ex-onko-feststellungsdatum' then {
    ext.value as val where $this.is(dateTime) -> tgt.untersuchungsdatum = val "SetUntersuchungsdatumExt";
  } "MapUntersuchungsdatumExt";

  // Fallback: recordedDate als Untersuchungsdatum
  src.recordedDate as rd -> tgt.untersuchungsdatum = rd "SetUntersuchungsdatumFallback";

  // Gesamtbeurteilung Tumorstatus: aus Condition.stage (Verlaufsbeurteilung)
  // Uebersetzung SNOMED -> oBDS via ConceptMap
  src.stage as stg first then {
    stg.summary as sum then {
      sum.coding as c where system = 'http://snomed.info/sct'
        -> tgt.gesamtbeurteilungTumorstatus = translate(c, 'https://www.senologie.org/fhir/ConceptMap/cm-sct-to-obds-verlauf-gesamtbeurteilung', 'code') "TranslateGesamtbeurteilung";
    } "ExtractGesamtbeurteilungCoding";
  } "MapGesamtbeurteilung";

  // Fallback: Bei Rezidiv (clinicalStatus = recurrence) -> Y (Rezidiv)
  src.clinicalStatus as cs where coding.exists(code = 'recurrence') -> tgt.gesamtbeurteilungTumorstatus = 'Y' "SetGesamtbeurteilungRezidiv";

  // Verlauf_Lokaler_Tumorstatus: aus Extension oder Observation im Bundle
  // MII Onko Verlauf lokaler Tumorstatus
  src.extension as ext where url = 'https://www.medizininformatik-initiative.de/fhir/ext/modul-onko/StructureDefinition/mii-ex-onko-verlauf-lokaler-tumorstatus' then {
    ext.value as val then {
      val.coding as c then {
        c.code as cd -> tgt.verlaufLokalerTumorstatus = cd "SetLokalerTumorstatus";
      } "ExtractLokalerStatus";
    } "MapLokalerStatusValue";
  } "MapLokalerTumorstatus";

  // Verlauf_Tumorstatus_Lymphknoten: aus Extension
  src.extension as ext where url = 'https://www.medizininformatik-initiative.de/fhir/ext/modul-onko/StructureDefinition/mii-ex-onko-verlauf-tumorstatus-lymphknoten' then {
    ext.value as val then {
      val.coding as c then {
        c.code as cd -> tgt.verlaufTumorstatusLymphknoten = cd "SetLKStatus";
      } "ExtractLKStatus";
    } "MapLKStatusValue";
  } "MapTumorstatusLymphknoten";

  // Verlauf_Tumorstatus_Fernmetastasen: aus Extension
  src.extension as ext where url = 'https://www.medizininformatik-initiative.de/fhir/ext/modul-onko/StructureDefinition/mii-ex-onko-verlauf-tumorstatus-fernmetastasen' then {
    ext.value as val then {
      val.coding as c then {
        c.code as cd -> tgt.verlaufTumorstatusFernmetastasen = cd "SetFMStatus";
      } "ExtractFMStatus";
    } "MapFMStatusValue";
  } "MapTumorstatusFernmetastasen";

  // Fernmetastasen: Delegiert an die gemeinsame Fernmetastasen-Map
  src -> tgt then MapFernmetastasenFromBundle(bundle, tgt) "CallMapFernmetastasen";

  // Histologie: aus Observation im Bundle (Re-Biopsie im Verlauf)
  // LOINC 59847-4 = "Histology and Behavior ICD-O-3 Cancer"
  // Delegiert an die gemeinsame Histologie-Map
  bundle.entry as histEntry where resource.is(Observation) and resource.code.coding.exists(code = '59847-4') then {
    histEntry.resource as histObs -> tgt.histologie as histo then MapHistologie(histObs, histo, bundle) "CallMapHistologie";
  } "EntryHistologie";

  // TNM: aus TNM-Observation im Bundle (Rezidiv-Staging)
  // Kann klinisch (21908-9) oder pathologisch (21902-2) sein
  // Delegiert an die gemeinsame TNM-Map
  bundle.entry as tnmEntry where resource.is(Observation) and resource.code.coding.exists(code = '21908-9') then {
    tnmEntry.resource as tnmObs -> tgt.tnm as tnm then MapTNM(tnmObs, tnm, bundle) "CallMapTNMClinical";
  } "EntryTNMClinical";

  bundle.entry as tnmEntry where resource.is(Observation) and resource.code.coding.exists(code = '21902-2') then {
    tnmEntry.resource as tnmObs -> tgt.tnm as tnm then MapTNM(tnmObs, tnm, bundle) "CallMapTNMPathological";
  } "EntryTNMPathological";

  // Allgemeiner Leistungszustand (ECOG): Delegiert an die gemeinsame Leistungszustand-Map
  src -> tgt then MapLeistungszustandFromBundle(bundle, tgt) "CallMapLeistungszustand";

  // Modul_Mamma: Hormonrezeptoren + HER2 aus Observations im Bundle (Rezidiv-Testung)
  // Delegiert an die gemeinsame ModulMamma-Map
  src -> tgt.modulMamma as mamma then MapModulMamma(bundle, mamma) "CallMapModulMamma";
}
