map "https://www.senologie.org/fhir/StructureMap/SenologieToOncoBoxBrust" = "SenologieToOncoBoxBrust"

// title: Senologie FHIR Bundle to OncoBox Brust 2.0 (Auditjahr 2026 v2.1.1)
// status: draft

uses "http://hl7.org/fhir/StructureDefinition/Bundle" alias Bundle as source
uses "http://hl7.org/fhir/StructureDefinition/Patient" alias Patient as source
uses "http://hl7.org/fhir/StructureDefinition/Encounter" alias Encounter as source
uses "http://hl7.org/fhir/StructureDefinition/Condition" alias Condition as source
uses "http://hl7.org/fhir/StructureDefinition/Procedure" alias Procedure as source
uses "http://hl7.org/fhir/StructureDefinition/Observation" alias Observation as source
uses "http://hl7.org/fhir/StructureDefinition/Specimen" alias Specimen as source
uses "http://hl7.org/fhir/StructureDefinition/Organization" alias Organization as source
uses "http://hl7.org/fhir/StructureDefinition/CarePlan" alias CarePlan as source
uses "http://hl7.org/fhir/StructureDefinition/ResearchSubject" alias ResearchSubject as source
uses "https://www.senologie.org/fhir/StructureDefinition/oncobox-brust-meldung" alias OncoBoxBrust as target

// ============================================================================
// Master Orchestrator: Bundle -> OncoBox Brust 2.0 Meldung
//
// Struktur in 2.0:
//   OncoBoxBrust
//     ├─ ImportInfo (DatumXML, NameTudokusys, VersionTudokusys)
//     └─ Patienten
//          └─ Patient[]
//               ├─ Stammdaten (OncoBoxID, Geburtsjahr, Geschlecht, …)
//               └─ Fall[]
//                    ├─ Fallinformation (FallID, Falldokumentation)
//                    ├─ Anamnese (BRCA Keimbahn, RaucherStatus)
//                    ├─ Diagnose (ICD, Seitenlokalisation, cTNM, pTNM)
//                    ├─ Tumorkonferenz[]
//                    ├─ Histologie[] (Tumortyp, Grading, ER/PR/HER2/Ki67/PD-L1)
//                    ├─ Operation[]
//                    ├─ Strahlentherapie[]
//                    ├─ Systemtherapie[]
//                    ├─ Fernmetastase[]
//                    ├─ Studie[]
//                    ├─ Psychosozial
//                    └─ Follow_Up[]
//
// Codes-Conventions:
//   Geschlecht: FHIR female=W, male=M, other=D, unknown=X
//   Versicherungsform: gesetzlich=G, privat=P
//   Seitenlokalisation: L|R|B|S (links|rechts|beidseits|ohne Seitenang.)
//   Diagnosesicherheit: 0–7 (oBDS-konform); Histo=H/X (post-OP)
// ============================================================================

group SenologieToOncoBoxBrust(source src : Bundle, target tgt : OncoBoxBrust) {

  // === ImportInfo (Meldungs-Metadaten) ===
  src -> tgt.ImportInfo as ii then {
    src -> ii.DatumXML = '2026-05-13' "SetDatumXML";
    src -> ii.NameTudokusys = 'Senologie-KDS FHIR IG' "SetNameTudokusys";
    src -> ii.VersionTudokusys = '0.9.0' "SetVersionTudokusys";
  } "MapImportInfo";

  // === Patienten-Container ===
  src -> tgt.Patienten as ps then {
    src.entry as patEntry where resource.is(Patient) then {
      patEntry.resource as pat -> ps.Patient as p then {

        // --- Stammdaten ---
        pat -> p.Stammdaten as sd then {
          pat.id as pid -> sd.OncoBoxID = pid "SetOncoBoxID";
          pat.birthDate as bd -> sd.Geburtsjahr = bd "SetGeburtsjahr";
          pat.gender as g then {
            g where $this = 'female' -> sd.Geschlecht = 'W' "SetGeschlechtW";
            g where $this = 'male'   -> sd.Geschlecht = 'M' "SetGeschlechtM";
            g where $this = 'other'  -> sd.Geschlecht = 'D' "SetGeschlechtD";
            g where $this = 'unknown'-> sd.Geschlecht = 'X' "SetGeschlechtX";
          } "MapGender";
          pat.deceased as dec where $this.is(dateTime) -> sd.Sterbedatum = dec "SetSterbedatum";
        } "MapStammdaten";

        // --- Fall: pro Condition (Brust-Diagnose) ein Fall-Block ---
        src.entry as condEntry where resource.is(Condition) and resource.meta.profile.exists($this.contains('senologie-diagnose-maligne')) then {
          condEntry.resource as cond -> p.Fall as f then {

            // -- Fallinformation --
            cond -> f.Fallinformation as fi then {
              cond.id as cid -> fi.FallID = cid "SetFallID";
              cond -> fi.Falldokumentation = 'A' "SetFalldokA";
            } "MapFallinfo";

            // -- Anamnese (BRCA Keimbahn, Komorbiditaeten, Menopausenstatus, RaucherStatus) --
            cond -> f.Anamnese as an then {
              // Krebsvorerkrankungen aus Condition.evidence oder Anamnese-Obs
              src.entry as vorEntry where resource.is(Condition) and resource.category.coding.exists(code = 'problem-list-item') then {
                vorEntry.resource as vorCond -> an.Krebsvorerkrankungen = 'J' "SetKrebsvor";
              } "EntryVorerkrankungen";

              // RaucherStatus aus ISiK Raucher-Observation (LOINC 72166-2)
              // Werte sind LOINC LA-Codes (Answer List LL2828-3)
              src.entry as rauchEntry where resource.is(Observation) and resource.code.coding.exists(code = '72166-2') then {
                rauchEntry.resource as rauchObs then {
                  rauchObs.value as val then {
                    val.coding as c then {
                      c.code as cd where $this = 'LA18976-3' -> an.RaucherStatus = 'R' "SetRauchR";       // Current every day smoker
                      c.code as cd where $this = 'LA18977-1' -> an.RaucherStatus = 'G' "SetRauchG";       // Current some day smoker
                      c.code as cd where $this = 'LA15920-4' -> an.RaucherStatus = 'Ex' "SetRauchEx";     // Former smoker
                      c.code as cd where $this = 'LA18978-9' -> an.RaucherStatus = 'N' "SetRauchN";       // Never smoker
                    } "MapRauchCoding";
                  } "MapRauchVal";
                } "MapRauchObs";
              } "EntryRaucher";

              // Menopausenstatus: abgeleitet aus Gynaekologische Anamnese
              // Wenn component 42802-9 (Age at menopause) vorhanden → postmenopausal (3)
              src.entry as gynEntry where resource.is(Observation) and resource.code.coding.exists(code = '89221-6') then {
                gynEntry.resource as gynObs then {
                  gynObs.component as comp where code.coding.exists(code = '42802-9') -> an.Praetherapeutischer_Menopausenstatus = '3' "SetMenoPost";
                } "MapGynObs";
              } "EntryGyn";

              // BRCA1/2/PALB2 Keimbahn-Observations (MII Onko Genetische Variante, LOINC 69548-6)
              // Gen ist als component (48018-6, valueCodeableConcept HGNC) codiert.
              // value (Observation.valueCodeableConcept) ist das Gesamtergebnis (positive/negative).
              src.entry as brca1Entry where resource.is(Observation) and resource.code.coding.exists(code = '69548-6') and resource.component.value.coding.exists(code = 'HGNC:1100') then {
                brca1Entry.resource as brca1Obs then {
                  brca1Obs.value as val then { val.coding as c then { c.code as cd where $this = 'LA9633-4' -> an.BRCA1_Keimbahn = 'P' "SetBRCA1Pos"; c.code as cd where $this = 'LA9634-2' -> an.BRCA1_Keimbahn = 'N' "SetBRCA1Neg"; } "MapBRCA1Coding"; } "MapBRCA1Val";
                } "MapBRCA1Obs";
              } "EntryBRCA1";
              src.entry as brca2Entry where resource.is(Observation) and resource.code.coding.exists(code = '69548-6') and resource.component.value.coding.exists(code = 'HGNC:1101') then {
                brca2Entry.resource as brca2Obs then {
                  brca2Obs.value as val then { val.coding as c then { c.code as cd where $this = 'LA9633-4' -> an.BRCA2_Keimbahn = 'P' "SetBRCA2Pos"; c.code as cd where $this = 'LA9634-2' -> an.BRCA2_Keimbahn = 'N' "SetBRCA2Neg"; } "MapBRCA2Coding"; } "MapBRCA2Val";
                } "MapBRCA2Obs";
              } "EntryBRCA2";

              // Krebsvorerkrankungen: wenn weitere Conditions im Bundle (mit anderen ICD-10-Codes als der Hauptdiagnose)
              src.entry as komorbEntry where resource.is(Condition) and resource.meta.profile.exists($this.contains('komorbiditaet')) then {
                komorbEntry.resource as kc then {
                  kc.code as kcc -> an.KomorbiditaetenVorDiagnose as kvd then {
                    kcc.coding as c where system = 'http://fhir.de/CodeSystem/bfarm/icd-10-gm' then { c.code as cd -> kvd.Wert = cd "SetKomorbWert"; } "MapKomorbCoding";
                  } "MapKomorbCode";
                } "MapKomorbCond";
              } "EntryKomorb";
            } "MapAnamnese";

            // -- Diagnose --
            cond -> f.Diagnose as d then {
              // ICD-10 / ICD-11 aus Condition.code Slices
              cond.code as code then {
                code.coding as c where system = 'http://fhir.de/CodeSystem/bfarm/icd-10-gm' then { c.code as cd -> d.ICD_10 = cd "SetICD10"; } "MapICD10";
                code.coding as c where system = 'http://id.who.int/icd/release/11/mms' then { c.code as cd -> d.ICD_11 = cd "SetICD11"; } "MapICD11";
              } "MapCondCode";
              // Seitenlokalisation aus bodySite
              cond.bodySite as bs then {
                bs.coding as c then {
                  c.code as cd where $this = '7771000' -> d.Seitenlokalisation = 'L' "SetSeiteL";
                  c.code as cd where $this = '24028007' -> d.Seitenlokalisation = 'R' "SetSeiteR";
                  c.code as cd where $this = '51440002' -> d.Seitenlokalisation = 'B' "SetSeiteB";
                } "MapSeiteCoding";
              } "MapSeite";
              // Diagnosedatum aus extension[Feststellungsdatum]
              cond.extension as ext where url = 'https://www.medizininformatik-initiative.de/fhir/ext/modul-onko/StructureDefinition/mii-ex-onko-feststellungsdatum' then {
                ext.value as v -> d.Diagnosedatum = v "SetDiagnosedatum";
              } "MapDiagnoseDatum";
              // Diagnosesicherheit: TODO — VerificationStatus hat mehrere Codings; muss
              // gezielt nach oBDS-Mapping-System gefiltert werden (z.B. mii-vs-onko-primaertumor-diagnosesicherung).

              // -- cTNM aus klinischer TNM-Observation (LOINC 21908-9) --
              src.entry as ctnmEntry where resource.is(Observation) and resource.code.coding.exists(code = '21908-9') then {
                ctnmEntry.resource as ctnm then {
                  ctnm.component as comp where code.coding.exists(code = '21905-5') then { comp.value as val then { val.coding as c then { c.code as cd -> d.Praeth_T = cd "SetPraethT"; } "MapPraethTCode"; } "MapPraethTVal"; } "PraethT";
                  ctnm.component as comp where code.coding.exists(code = '21906-3') then { comp.value as val then { val.coding as c then { c.code as cd -> d.Praeth_N = cd "SetPraethN"; } "MapPraethNCode"; } "MapPraethNVal"; } "PraethN";
                  ctnm.component as comp where code.coding.exists(code = '21907-1') then { comp.value as val then { val.coding as c then { c.code as cd -> d.Praeth_M = cd "SetPraethM"; } "MapPraethMCode"; } "MapPraethMVal"; } "PraethM";
                } "MapCTNM";
              } "EntryCTNM";

              // -- pTNM aus pathologischer TNM-Observation (LOINC 21902-2) --
              src.entry as ptnmEntry where resource.is(Observation) and resource.code.coding.exists(code = '21902-2') then {
                ptnmEntry.resource as ptnm then {
                  ptnm.component as comp where code.coding.exists(code = '21899-0') then { comp.value as val then { val.coding as c then { c.code as cd -> d.Postop_T = cd "SetPostopT"; } "MapPostopTCode"; } "MapPostopTVal"; } "PostopT";
                  ptnm.component as comp where code.coding.exists(code = '21900-6') then { comp.value as val then { val.coding as c then { c.code as cd -> d.Postop_N = cd "SetPostopN"; } "MapPostopNCode"; } "MapPostopNVal"; } "PostopN";
                  ptnm.component as comp where code.coding.exists(code = '21901-4') then { comp.value as val then { val.coding as c then { c.code as cd -> d.Postop_M = cd "SetPostopM"; } "MapPostopMCode"; } "MapPostopMVal"; } "PostopM";
                } "MapPTNM";
              } "EntryPTNM";
            } "MapDiagnose";

            // -- Histologie: pro Pathologie-Befund ein Histologie-Block --
            src.entry as histEntry where resource.is(Observation) and resource.code.coding.exists(code = '59847-4') then {
              histEntry.resource as histObs -> f.Histologie as h then {
                histObs.effective as eff where $this.is(dateTime) -> h.Tumor_Histologiedatum = eff "SetHistDatum";
                histObs.value as val then { val.coding as c where system = 'urn:oid:2.16.840.1.113883.6.43.1' then { c.code as cd -> h.Tumortyp = cd "SetTumortyp"; } "MapTumortypCoding"; } "MapTumortyp";
              } "MapHistEntry";
            } "EntryHist";

            // -- Biomarker (ER/PR/HER2) als separate Histologie-Eintraege --
            //    OncoBox 2.0: Anteil_positiv_Oestrogen, IRS_Oestrogen,
            //    HormonrezeptorStatus_Oestrogen sind SEPARATE Felder
            // ER-Status → Histologie.HormonrezeptorStatus_Oestrogen (P/N/U via translate)
            src.entry as erEntry where resource.is(Observation) and resource.code.coding.exists(code = '40556-3') then {
              erEntry.resource as erObs -> f.Histologie as h then {
                erObs.value as val then {
                  val.coding as c where system = 'http://loinc.org' ->
                    h.HormonrezeptorStatus_Oestrogen = translate(c, 'https://www.senologie.org/fhir/ConceptMap/cm-loinc-rezeptorstatus-to-obds', 'code') "TranslateER";
                } "MapERValue";
                erObs.component as comp where code.coding.exists(code = '1234804006') then { comp.value as val then { val.value as v -> h.Anteil_positiv_Oestrogen = v "SetERAnteil"; } "MapERAnteilVal"; } "ERAnteil";
                erObs.component as comp where code.coding.exists(code = 'irs-score') then { comp.value as val then { val.value as v -> h.IRS_Oestrogen = v "SetERIRS"; } "MapERIRSVal"; } "ERIRS";
              } "MapEREntry";
            } "EntryER";

            // PR-Status → Histologie.HormonrezeptorStatus_Progesteron (P/N/U via translate)
            src.entry as prEntry where resource.is(Observation) and resource.code.coding.exists(code = '85339-0') then {
              prEntry.resource as prObs -> f.Histologie as h then {
                prObs.value as val then {
                  val.coding as c where system = 'http://loinc.org' ->
                    h.HormonrezeptorStatus_Progesteron = translate(c, 'https://www.senologie.org/fhir/ConceptMap/cm-loinc-rezeptorstatus-to-obds', 'code') "TranslatePR";
                } "MapPRValue";
                prObs.component as comp where code.coding.exists(code = '1234803000') then { comp.value as val then { val.value as v -> h.Anteil_positiv_Progesteron = v "SetPRAnteil"; } "MapPRAnteilVal"; } "PRAnteil";
                prObs.component as comp where code.coding.exists(code = 'irs-score') then { comp.value as val then { val.value as v -> h.IRS_Progesteron = v "SetPRIRS"; } "MapPRIRSVal"; } "PRIRS";
              } "MapPREntry";
            } "EntryPR";

            // HER2-Status → Histologie.Her2neuStatus (Leitlinie-Slice via translate; oBDS-Slice durchgereicht)
            src.entry as her2Entry where resource.is(Observation) and resource.code.coding.exists(code = '48676-1') then {
              her2Entry.resource as her2Obs -> f.Histologie as h then {
                her2Obs.value as val then {
                  val.coding as c where system = 'https://www.medizininformatik-initiative.de/fhir/ext/modul-onko/CodeSystem/mii-cs-onko-mamma-her2neu-status-leitlinie' ->
                    h.Her2neuStatus = translate(c, 'https://www.senologie.org/fhir/ConceptMap/cm-her2-leitlinie-to-obds', 'code') "TranslateHER2Leitlinie";
                  val.coding as c where system = 'https://www.medizininformatik-initiative.de/fhir/ext/modul-onko/CodeSystem/mii-cs-onko-mamma-her2neu-status-obds' then {
                    c.code as cd -> h.Her2neuStatus = cd "PassthroughHER2OBDS";
                  } "MapHER2OBDSCoding";
                } "MapHER2Value";
              } "MapHER2Entry";
            } "EntryHER2";

            // -- Ki-67 (LOINC 85318-4) --
            src.entry as ki67Entry where resource.is(Observation) and resource.code.coding.exists(code = '85318-4') then {
              ki67Entry.resource as ki67Obs -> f.Histologie as h then {
                ki67Obs.value as val then { val.value as v -> h.Ki_67 = v "SetKi67"; } "MapKi67Val";
              } "MapKi67Entry";
            } "EntryKi67";

            // -- Grading (LOINC 33732-9) --
            src.entry as gradEntry where resource.is(Observation) and resource.code.coding.exists(code = '33732-9') then {
              gradEntry.resource as gradObs -> f.Histologie as h then {
                gradObs.value as val then { val.coding as c then { c.code as cd -> h.Grading = cd "SetGrading"; } "MapGradingCoding"; } "MapGradingVal";
              } "MapGradingEntry";
            } "EntryGrad";

            // -- Lymphknoten untersucht/befallen, Sentinel-LK --
            src.entry as lkuEntry where resource.is(Observation) and resource.code.coding.exists(code = '21894-1') then {
              lkuEntry.resource as lkuObs -> f.Histologie as h then {
                lkuObs.value as val then { val.value as v -> h.LK_untersucht = truncate(v) "SetLKUnt"; } "MapLKUntVal";
              } "MapLKUntEntry";
            } "EntryLKUnt";
            src.entry as lkbEntry where resource.is(Observation) and resource.code.coding.exists(code = '21893-3') then {
              lkbEntry.resource as lkbObs -> f.Histologie as h then {
                lkbObs.value as val then { val.value as v -> h.LK_befallen = truncate(v) "SetLKBef"; } "MapLKBefVal";
              } "MapLKBefEntry";
            } "EntryLKBef";
            src.entry as slkuEntry where resource.is(Observation) and resource.code.coding.exists(code = '92832-5') then {
              slkuEntry.resource as slkuObs -> f.Histologie as h then {
                slkuObs.value as val then { val.value as v -> h.Sentinel_LK_untersucht = truncate(v) "SetSLKUnt"; } "MapSLKUntVal";
              } "MapSLKUntEntry";
            } "EntrySLKUnt";
            src.entry as slkbEntry where resource.is(Observation) and resource.code.coding.exists(code = '92833-3') then {
              slkbEntry.resource as slkbObs -> f.Histologie as h then {
                slkbObs.value as val then { val.value as v -> h.Sentinel_LK_befallen = truncate(v) "SetSLKBef"; } "MapSLKBefVal";
              } "MapSLKBefEntry";
            } "EntrySLKBef";

            // -- PD-L1 Status (MII MTB Immunohistochemistry PDL1 Profil) --
            src.entry as pdl1Entry where resource.is(Observation) and resource.meta.profile.exists($this.contains('senologie-pdl1-status') or $this.contains('immunohistochemistry-pdl1')) then {
              pdl1Entry.resource as pdl1Obs -> f.Histologie as h then {
                pdl1Obs.value as val then { val.coding as c then { c.code as cd -> h.PD_L1 = cd "SetPDL1"; } "MapPDL1Coding"; } "MapPDL1Val";
              } "MapPDL1Entry";
            } "EntryPDL1";

            // -- Tumorkonferenz (CarePlan / Senologie_Tumorboard_Empfehlung) --
            src.entry as tkEntry where resource.is(CarePlan) and resource.meta.profile.exists($this.contains('senologie-tumorboard-empfehlung')) then {
              tkEntry.resource as tkCP -> f.Tumorkonferenz as tk then {
                tkCP.created as crd -> tk.Tumorkonferenz_Datum = crd "SetTKDatum";
                tkCP.category as cat then { cat.coding as c then { c.code as cd -> tk.Tumorkonferenz_Typ = cd "SetTKTyp"; } "MapTKTypCoding"; } "MapTKTypVal";
              } "MapTKEntry";
            } "EntryTK";

            // -- Fernmetastasen (Condition mit Tumormanifestation Fernmetastase) --
            src.entry as fmEntry where resource.is(Condition) and resource.category.coding.exists(code = 'distant-metastasis' or code = 'fernmetastase') then {
              fmEntry.resource as fmCond -> f.Fernmetastase as fm then {
                fmCond.bodySite as bs then { bs.coding as c then { c.code as cd -> fm.Fernmetastase_Lokalisation = cd "SetFMLok"; } "MapFMLokCoding"; } "MapFMLok";
                fmCond.extension as ext where url = 'https://www.medizininformatik-initiative.de/fhir/ext/modul-onko/StructureDefinition/mii-ex-onko-feststellungsdatum' then { ext.value as v -> fm.Fernmetastase_Diagnosedatum = v "SetFMDatum"; } "MapFMDatum";
              } "MapFMEntry";
            } "EntryFM";

            // -- Studienteilnahme (ResearchSubject / Senologie_Studienteilnahme) --
            src.entry as studyEntry where resource.is(ResearchSubject) then {
              studyEntry.resource as rs -> f.Studie as st then {
                rs.status as rsStat then {
                  rsStat where $this = 'on-study' -> st.Studienteilnahme = 'J' "SetStudOn";
                  rsStat where $this = 'off-study' -> st.Studienteilnahme = 'N' "SetStudOff";
                } "MapStudStatus";
              } "MapStudEntry";
            } "EntryStud";

            // -- Operation[] aus Procedure (Senologie_Operation) --
            src.entry as opEntry where resource.is(Procedure) and resource.meta.profile.exists($this.contains('senologie-operation') or $this.contains('senologie-brustop')) then {
              opEntry.resource as opProc -> f.Operation as op then {
                opProc.performed as perf where $this.is(dateTime) -> op.OP_Datum = perf "SetOpDatum";
                opProc.code as opCode then { opCode.coding as c where system = 'http://fhir.de/CodeSystem/bfarm/ops' then { c.code as cd -> op.OPS = cd "SetOPS"; } "MapOPSCoding"; } "MapOPS";
                opProc.extension as ext where url = 'https://www.medizininformatik-initiative.de/fhir/ext/modul-onko/StructureDefinition/mii-ex-onko-operation-intention' then {
                  ext.value as v then { v.coding as c then { c.code as cd -> op.OP_Intention = cd "SetOpIntention"; } "MapOpIntCoding"; } "MapOpIntVal";
                } "MapOpIntExt";
                // usedCode: PraeoperativeMarkierung (M/S/T/N) - MII Mamma-Op
                opProc.usedCode as uc then { uc.coding as c where system.contains('praeoperative-markierung') then { c.code as cd -> op.PraeopMarkierung = cd "SetPraeopMark"; } "MapPraeopMarkCoding"; } "MapUsedCodeMark";
                // Komplikationen: bei Vorhandensein der complication-Liste
                opProc.complication as compl then {
                  compl.coding as c where system = 'https://www.medizininformatik-initiative.de/fhir/ext/modul-onko/CodeSystem/mii-cs-onko-operation-komplikation' then {
                    c.code as cd -> op.OP_Komplikationen_Art = cd "SetOpKomplArt";
                  } "MapOpKomplCoding";
                } "MapOpKompl";
                // Operateure (G08 = Erstoperateur, G09 = Zweitoperateur)
                opProc.performer as perfp then {
                  perfp.function as fn then {
                    fn.coding as c where code = '304292004' then {
                      perfp.actor as act then { act.reference as ref -> op.Erstoperateur = ref "SetErstOp"; } "MapErstActor";
                    } "MapErstFn";
                    fn.coding as c where code = '309388001' then {
                      perfp.actor as act then { act.reference as ref -> op.Zweitoperateur = ref "SetZweitOp"; } "MapZweitActor";
                    } "MapZweitFn";
                  } "MapPerfFn";
                } "MapPerformer";
              } "MapOpEntry";
            } "EntryOp";

            // -- Strahlentherapie[] aus Procedure --
            src.entry as rtEntry where resource.is(Procedure) and resource.meta.profile.exists($this.contains('senologie-strahlentherapie') or $this.contains('strahlentherapie')) then {
              rtEntry.resource as rtProc -> f.Strahlentherapie as rt then {
                rtProc.performed as perf where $this.is(Period) then {
                  perf.start as st -> rt.Strahlentherapie_Beginn = st "SetRTBeginn";
                  perf.end as en -> rt.Strahlentherapie_Ende = en "SetRTEnde";
                } "MapRTPeriod";
                // Intention
                rtProc.extension as ext where url = 'https://www.medizininformatik-initiative.de/fhir/ext/modul-onko/StructureDefinition/mii-ex-onko-strahlentherapie-intention' then {
                  ext.value as v then { v.coding as c then { c.code as cd -> rt.Strahlentherapie_Intention = cd "SetRTInt"; } "MapRTIntCoding"; } "MapRTIntVal";
                } "MapRTIntExt";
                // Boost (extension)
                rtProc.extension as ext where url.contains('strahlentherapie-bestrahlung-boost') then {
                  ext.value as v -> rt.Strahlentherapie_Boost = v "SetRTBoost";
                } "MapRTBoost";
                // Gesamtdosis (extension)
                rtProc.extension as ext where url.contains('strahlentherapie-bestrahlung-gesamtdosis') then {
                  ext.value as v then { v.value as vv -> rt.Strahlentherapie_Gesamtdosis = vv "SetRTGesamtdosis"; } "MapRTGesamtdosisVal";
                } "MapRTGesamtdosis";
                // Zielgebiet (bodySite)
                rtProc.bodySite as bs then { bs.coding as c then { c.code as cd -> rt.Strahlentherapie_Zielgebiet = cd "SetRTZielgeb"; } "MapRTZielgebCoding"; } "MapRTZielgeb";
              } "MapRTEntry";
            } "EntryRT";

            // -- Systemtherapie[] aus Procedure --
            src.entry as stEntry where resource.is(Procedure) and resource.meta.profile.exists($this.contains('senologie-systemtherapie')) then {
              stEntry.resource as stProc -> f.Systemtherapie as syst then {
                stProc.performed as perf where $this.is(Period) then {
                  perf.start as st -> syst.Systemtherapie_Beginn = st "SetSTBeginn";
                  perf.end as en -> syst.Systemtherapie_Ende = en "SetSTEnde";
                } "MapSTPeriod";
                // Intention
                stProc.extension as ext where url = 'https://www.medizininformatik-initiative.de/fhir/ext/modul-onko/StructureDefinition/mii-ex-onko-systemische-therapie-intention' then {
                  ext.value as v then { v.coding as c then { c.code as cd -> syst.Systemtherapie_Intention = cd "SetSTInt"; } "MapSTIntCoding"; } "MapSTIntVal";
                } "MapSTIntExt";
                // Therapieart aus category
                stProc.category as cat then { cat.coding as c then { c.code as cd -> syst.Systemtherapie_Therapieart = cd "SetSTArt"; } "MapSTArtCoding"; } "MapSTArt";
              } "MapSTEntry";
            } "EntryST";

            // -- Begleitmedikation / CHT-Substanzen aus MedicationAdministration --
            //    OncoBox 2.0 hat CHT_Substanzen / HO_Substanzen / IM_Substanzen / Zielgerichtete_Substanzen
            //    Aktuell vereinfacht: jede Substanz wandert in CHT_Substanzen
            //    TODO: Klassifikation nach Substanz-Typ (ATC-Gruppe) fuer korrekte Zuordnung
            //
            // src.entry as medEntry where resource.is(MedicationAdministration) ...

            // -- Follow_Up[] aus Verlauf-Observation --
            src.entry as fuEntry where resource.is(Observation) and resource.meta.profile.exists($this.contains('senologie-follow-up')) then {
              fuEntry.resource as fuObs -> f.Follow_Up as fu then {
                fuObs.effective as eff where $this.is(dateTime) -> fu.Untersuchungsdatum_Verlauf = eff "SetFUDatum";
                fuObs.issued as iss -> fu.Meldedatum = iss "SetFUMeldedatum";
                fuObs.value as val then { val.coding as c then { c.code as cd -> fu.Gesamtbeurteilung_Tumorstatus = cd "SetFUGesamt"; } "MapFUGesamtCoding"; } "MapFUValue";
                // Aktive vs. passive Nachsorge aus method
                fuObs.method as m then {
                  m.coding as c then {
                    c.code as cd where $this = 'A' -> fu.Follow_Up_Aktiv_Passiv = 'A' "SetFUAktiv";
                    c.code as cd where $this = 'P' -> fu.Follow_Up_Aktiv_Passiv = 'P' "SetFUPassiv";
                  } "MapFUMethCoding";
                } "MapFUMeth";
                // Lokaler / LK / FM Tumorstatus aus components
                fuObs.component as comp where code.coding.exists(code = '21976-6') then { comp.value as val then { val.coding as c then { c.code as cd -> fu.Verlauf_Lokaler_Tumorstatus = cd "SetFULokTu"; } "MapFULokTuCoding"; } "MapFULokTuVal"; } "FULokTu";
                fuObs.component as comp where code.coding.exists(code = '21977-4') then { comp.value as val then { val.coding as c then { c.code as cd -> fu.Verlauf_Tumorstatus_Lymphknoten = cd "SetFULKTu"; } "MapFULKTuCoding"; } "MapFULKTuVal"; } "FULKTu";
                fuObs.component as comp where code.coding.exists(code = '21978-2') then { comp.value as val then { val.coding as c then { c.code as cd -> fu.Verlauf_Tumorstatus_Fernmetastasen = cd "SetFUFMTu"; } "MapFUFMTuCoding"; } "MapFUFMTuVal"; } "FUFMTu";
              } "MapFUEntry";
            } "EntryFU";

          } "MapFall";
        } "EntryCond";

      } "MapPatient";
    } "EntryPat";
  } "MapPatienten";
}
